127.0.0.1 - - [13/Jul/2026 12:16:02] "GET /audio/ HTTP/1.1" 200 -
127.0.0.1 - - [13/Jul/2026 12:16:36] "GET /audio/ HTTP/1.1" 200 -
127.0.0.1 - - [13/Jul/2026 12:18:37] "GET /audio/ HTTP/1.1" 200 -
127.0.0.1 - - [13/Jul/2026 12:18:38] "GET /_astro/index.CkEliOHx.css HTTP/1.1" 200 -
127.0.0.1 - - [13/Jul/2026 12:18:38] "GET /_astro/BaseLayout.DNWOK64H.css HTTP/1.1" 200 -
127.0.0.1 - - [13/Jul/2026 12:18:38] "GET /assets/original/001-wp-content-uploads-go-x-u-bdfcc883-6576-4ab2-951d-c90c6ccf47d3-image-911x911.png HTTP/1.1" 200 -
127.0.0.1 - - [13/Jul/2026 12:18:38] "GET /_astro/ClientRouter.astro_astro_type_script_index_0_lang.CAqDO0tx.js HTTP/1.1" 200 -
127.0.0.1 - - [13/Jul/2026 12:18:38] "GET /audio/klarheitsreset/klarheitsreset-fokus-naechster-schritt.mp3 HTTP/1.1" 200 -
127.0.0.1 - - [13/Jul/2026 12:18:38] "GET /audio/kraft-klarer-gedanken/kraft-klarer-gedanken-yt-aoede.mp3 HTTP/1.1" 200 -
127.0.0.1 - - [13/Jul/2026 12:18:38] "GET /audio/power-breathwork/power-breathwork-energie-klarheit.mp3 HTTP/1.1" 200 -
127.0.0.1 - - [13/Jul/2026 12:18:41] "GET /favicon.ico HTTP/1.1" 200 -
----------------------------------------
Exception occurred during processing of request from ('127.0.0.1', 61647)
----------------------------------------
Exception occurred during processing of request from ('127.0.0.1', 61650)
127.0.0.1 - - [13/Jul/2026 12:18:54] "GET /audio/klarheitsreset/klarheitsreset-fokus-naechster-schritt.mp3 HTTP/1.1" 200 -
----------------------------------------
Exception occurred during processing of request from ('127.0.0.1', 61651)
Traceback (most recent call last):
Traceback (most recent call last):
Traceback (most recent call last):
  File "C:\Users\marga\AppData\Roaming\uv\python\cpython-3.11-windows-x86_64-none\Lib\socketserver.py", line 691, in process_request_thread
    self.finish_request(request, client_address)
  File "C:\Users\marga\AppData\Roaming\uv\python\cpython-3.11-windows-x86_64-none\Lib\socketserver.py", line 691, in process_request_thread
    self.finish_request(request, client_address)
  File "C:\Users\marga\AppData\Roaming\uv\python\cpython-3.11-windows-x86_64-none\Lib\http\server.py", line 1325, in finish_request
    self.RequestHandlerClass(request, client_address, self,
  File "C:\Users\marga\AppData\Roaming\uv\python\cpython-3.11-windows-x86_64-none\Lib\http\server.py", line 675, in __init__
    super().__init__(*args, **kwargs)
  File "C:\Users\marga\AppData\Roaming\uv\python\cpython-3.11-windows-x86_64-none\Lib\socketserver.py", line 755, in __init__
    self.handle()
  File "C:\Users\marga\AppData\Roaming\uv\python\cpython-3.11-windows-x86_64-none\Lib\http\server.py", line 440, in handle
    self.handle_one_request()
  File "C:\Users\marga\AppData\Roaming\uv\python\cpython-3.11-windows-x86_64-none\Lib\http\server.py", line 428, in handle_one_request
    method()
  File "C:\Users\marga\AppData\Roaming\uv\python\cpython-3.11-windows-x86_64-none\Lib\http\server.py", line 682, in do_GET
    self.copyfile(f, self.wfile)
  File "C:\Users\marga\AppData\Roaming\uv\python\cpython-3.11-windows-x86_64-none\Lib\http\server.py", line 881, in copyfile
    shutil.copyfileobj(source, outputfile)
  File "C:\Users\marga\AppData\Roaming\uv\python\cpython-3.11-windows-x86_64-none\Lib\shutil.py", line 200, in copyfileobj
    fdst_write(buf)
  File "C:\Users\marga\AppData\Roaming\uv\python\cpython-3.11-windows-x86_64-none\Lib\socketserver.py", line 834, in write
    self._sock.sendall(b)
  File "C:\Users\marga\AppData\Roaming\uv\python\cpython-3.11-windows-x86_64-none\Lib\http\server.py", line 1325, in finish_request
    self.RequestHandlerClass(request, client_address, self,
ConnectionResetError: [WinError 10054] Eine vorhandene Verbindung wurde vom Remotehost geschlossen
  File "C:\Users\marga\AppData\Roaming\uv\python\cpython-3.11-windows-x86_64-none\Lib\http\server.py", line 675, in __init__
    super().__init__(*args, **kwargs)
----------------------------------------
  File "C:\Users\marga\AppData\Roaming\uv\python\cpython-3.11-windows-x86_64-none\Lib\socketserver.py", line 755, in __init__
    self.handle()
  File "C:\Users\marga\AppData\Roaming\uv\python\cpython-3.11-windows-x86_64-none\Lib\http\server.py", line 440, in handle
    self.handle_one_request()
  File "C:\Users\marga\AppData\Roaming\uv\python\cpython-3.11-windows-x86_64-none\Lib\socketserver.py", line 691, in process_request_thread
    self.finish_request(request, client_address)
  File "C:\Users\marga\AppData\Roaming\uv\python\cpython-3.11-windows-x86_64-none\Lib\http\server.py", line 428, in handle_one_request
    method()
  File "C:\Users\marga\AppData\Roaming\uv\python\cpython-3.11-windows-x86_64-none\Lib\http\server.py", line 1325, in finish_request
    self.RequestHandlerClass(request, client_address, self,
  File "C:\Users\marga\AppData\Roaming\uv\python\cpython-3.11-windows-x86_64-none\Lib\http\server.py", line 682, in do_GET
    self.copyfile(f, self.wfile)
  File "C:\Users\marga\AppData\Roaming\uv\python\cpython-3.11-windows-x86_64-none\Lib\http\server.py", line 675, in __init__
    super().__init__(*args, **kwargs)
  File "C:\Users\marga\AppData\Roaming\uv\python\cpython-3.11-windows-x86_64-none\Lib\http\server.py", line 881, in copyfile
    shutil.copyfileobj(source, outputfile)
  File "C:\Users\marga\AppData\Roaming\uv\python\cpython-3.11-windows-x86_64-none\Lib\socketserver.py", line 755, in __init__
    self.handle()
  File "C:\Users\marga\AppData\Roaming\uv\python\cpython-3.11-windows-x86_64-none\Lib\shutil.py", line 200, in copyfileobj
    fdst_write(buf)
  File "C:\Users\marga\AppData\Roaming\uv\python\cpython-3.11-windows-x86_64-none\Lib\http\server.py", line 440, in handle
    self.handle_one_request()
  File "C:\Users\marga\AppData\Roaming\uv\python\cpython-3.11-windows-x86_64-none\Lib\socketserver.py", line 834, in write
    self._sock.sendall(b)
  File "C:\Users\marga\AppData\Roaming\uv\python\cpython-3.11-windows-x86_64-none\Lib\http\server.py", line 428, in handle_one_request
    method()
ConnectionResetError: [WinError 10054] Eine vorhandene Verbindung wurde vom Remotehost geschlossen
  File "C:\Users\marga\AppData\Roaming\uv\python\cpython-3.11-windows-x86_64-none\Lib\http\server.py", line 682, in do_GET
    self.copyfile(f, self.wfile)
----------------------------------------
  File "C:\Users\marga\AppData\Roaming\uv\python\cpython-3.11-windows-x86_64-none\Lib\http\server.py", line 881, in copyfile
    shutil.copyfileobj(source, outputfile)
  File "C:\Users\marga\AppData\Roaming\uv\python\cpython-3.11-windows-x86_64-none\Lib\shutil.py", line 200, in copyfileobj
    fdst_write(buf)
  File "C:\Users\marga\AppData\Roaming\uv\python\cpython-3.11-windows-x86_64-none\Lib\socketserver.py", line 834, in write
    self._sock.sendall(b)
ConnectionResetError: [WinError 10054] Eine vorhandene Verbindung wurde vom Remotehost geschlossen
----------------------------------------
127.0.0.1 - - [13/Jul/2026 12:21:24] "GET /audio/power-breathwork/power-breathwork-energie-klarheit.mp3 HTTP/1.1" 200 -
