## START Q10EvidenceDeepDive 2026-06-26T21:11:22.6510042+02:00
Bundling 6%
Bundling 18%
Bundling 64%
Bundling 69%
Bundling 74%
Bundling 80%
Bundling 85%
Bundling 90%
Bundling 95%
Bundling 100%
Copying public dir 10.8 MB
Copying public dir 19.2 MB
Copying public dir 29.8 MB
Copying public dir 30.9 MB
Copying public dir 42.4 MB
Copying public dir 53.3 MB
Copying public dir 54.4 MB
Copying public dir 70.6 MB
Copying public dir 84.8 MB
Copying public dir 100.2 MB
Copying public dir 117.8 MB
Copying public dir 128.8 MB
Copying public dir 137.6 MB
Copying public dir 149.5 MB
Copying public dir 161.5 MB
Copying public dir 164.6 MB
Copying public dir 169 MB
Copying public dir 175 MB
Copying public dir 181.8 MB
Copying public dir 189.2 MB
Copying public dir 194.4 MB
Copying public dir 202.9 MB
Copying public dir 208.7 MB
Copying public dir 210.8 MB
Copying public dir 219.5 MB
Copying public dir 220 MB
Getting composition
[90mComposition          Q10EvidenceDeepDive[39m
[90mCodec                h264[39m
[90mOutput               out\coenzym-q10-normalos-final.mp4[39m
[90mConcurrency          8x[39m
Rendered 0/9742
Rendered 1/9742, time remaining: 11h 24m 37s
Rendered 2/9742, time remaining: 6h 56m 27s
Rendered 3/9742, time remaining: 4h 55m 34s
Rendered 4/9742, time remaining: 4h 1m 0s
Rendered 5/9742, time remaining: 3h 23m 47s
Rendered 6/9742, time remaining: 2h 57m 50s
Rendered 7/9742, time remaining: 2h 39m 47s
Rendered 8/9742, time remaining: 2h 27m 20s
Rendered 9/9742, time remaining: 3h 11m 9s
Rendered 10/9742, time remaining: 2h 56m 2s
Rendered 11/9742, time remaining: 2h 43m 51s
Rendered 12/9742, time remaining: 2h 33m 20s
Rendered 13/9742, time remaining: 2h 24m 28s
Rendered 14/9742, time remaining: 2h 16m 49s
Rendered 15/9742, time remaining: 2h 10m 49s
Rendered 16/9742, time remaining: 2h 7m 13s
Rendered 17/9742, time remaining: 2h 32m 48s
Rendered 18/9742, time remaining: 2h 26m 38s
Rendered 19/9742, time remaining: 2h 22m 40s
Rendered 20/9742, time remaining: 2h 17m 38s
Rendered 21/9742, time remaining: 2h 13m 15s
Rendered 22/9742, time remaining: 2h 8m 58s
Rendered 23/9742, time remaining: 2h 5m 5s
Rendered 24/9742, time remaining: 2h 2m 13s
Rendered 25/9742, time remaining: 2h 16m 2s
Rendered 26/9742, time remaining: 2h 13m 52s
Rendered 27/9742, time remaining: 2h 11m 4s
Rendered 28/9742, time remaining: 2h 8m 41s
Rendered 29/9742, time remaining: 2h 6m 0s
Rendered 30/9742, time remaining: 2h 3m 44s
Rendered 31/9742, time remaining: 2h 1m 51s
Rendered 32/9742, time remaining: 1h 59m 30s
Rendered 33/9742, time remaining: 2h 9m 46s
Rendered 34/9742, time remaining: 2h 7m 43s
Rendered 35/9742, time remaining: 2h 5m 50s
Rendered 36/9742, time remaining: 2h 4m 6s
Rendered 37/9742, time remaining: 2h 2m 24s
Rendered 38/9742, time remaining: 2h 1m 8s
Rendered 39/9742, time remaining: 1h 59m 40s
Rendered 40/9742, time remaining: 1h 58m 13s
Rendered 41/9742, time remaining: 2h 9m 17s
Rendered 42/9742, time remaining: 2h 7m 59s
Rendered 43/9742, time remaining: 2h 9m 29s
Rendered 44/9742, time remaining: 2h 7m 45s
Rendered 45/9742, time remaining: 2h 14m 44s
Rendered 46/9742, time remaining: 2h 12m 41s
Rendered 47/9742, time remaining: 2h 11m 26s
Rendered 48/9742, time remaining: 2h 9m 57s
Rendered 49/9742, time remaining: 2h 8m 37s
Rendered 50/9742, time remaining: 2h 7m 5s
Rendered 51/9742, time remaining: 2h 6m 27s
Rendered 52/9742, time remaining: 2h 4m 51s
Rendered 53/9742, time remaining: 2h 10m 4s
Rendered 54/9742, time remaining: 2h 8m 25s
Rendered 55/9742, time remaining: 2h 7m 21s
Rendered 56/9742, time remaining: 2h 5m 44s
Rendered 57/9742, time remaining: 2h 4m 18s
Rendered 58/9742, time remaining: 2h 2m 55s
Rendered 59/9742, time remaining: 2h 1m 32s
Rendered 60/9742, time remaining: 2h 9s
Rendered 61/9742, time remaining: 2h 6m 11s
Rendered 62/9742, time remaining: 2h 4m 49s
Rendered 63/9742, time remaining: 2h 3m 34s
Rendered 64/9742, time remaining: 2h 2m 13s
Rendered 65/9742, time remaining: 2h 53s
Rendered 66/9742, time remaining: 1h 59m 45s
Rendered 67/9742, time remaining: 1h 58m 29s
Rendered 68/9742, time remaining: 1h 57m 27s
Rendered 69/9742, time remaining: 2h 2m 53s
Rendered 70/9742, time remaining: 2h 2m 18s
Rendered 71/9742, time remaining: 2h 1m 13s
Rendered 72/9742, time remaining: 2h 11s
Rendered 73/9742, time remaining: 1h 59m 6s
Rendered 74/9742, time remaining: 1h 58m 7s
Rendered 75/9742, time remaining: 1h 57m 12s
Rendered 76/9742, time remaining: 1h 56m 44s
Rendered 77/9742, time remaining: 2h 41s
Rendered 78/9742, time remaining: 1h 59m 34s
Rendered 79/9742, time remaining: 1h 58m 47s
Rendered 80/9742, time remaining: 1h 57m 55s
Rendered 81/9742, time remaining: 1h 56m 54s
Rendered 82/9742, time remaining: 1h 55m 58s
Rendered 83/9742, time remaining: 1h 55m 11s
Rendered 84/9742, time remaining: 1h 54m 14s
Rendered 85/9742, time remaining: 1h 58m 32s
Rendered 86/9742, time remaining: 1h 58m 1s
Rendered 87/9742, time remaining: 1h 57m 7s
Rendered 88/9742, time remaining: 1h 56m 14s
Rendered 89/9742, time remaining: 1h 55m 21s
Rendered 90/9742, time remaining: 1h 54m 27s
Rendered 91/9742, time remaining: 1h 54m 7s
Rendered 92/9742, time remaining: 1h 53m 16s
Rendered 93/9742, time remaining: 1h 56m 18s
Rendered 94/9742, time remaining: 1h 56m 23s
Rendered 95/9742, time remaining: 1h 55m 34s
Rendered 96/9742, time remaining: 1h 54m 50s
Rendered 97/9742, time remaining: 1h 54m 6s
Rendered 98/9742, time remaining: 1h 53m 17s
Rendered 99/9742, time remaining: 1h 52m 52s
Rendered 100/9742, time remaining: 1h 52m 10s
Rendered 101/9742, time remaining: 1h 55m 15s
Rendered 102/9742, time remaining: 1h 54m 45s
Rendered 103/9742, time remaining: 1h 54m 18s
Rendered 104/9742, time remaining: 1h 53m 34s
Rendered 105/9742, time remaining: 1h 52m 56s
Rendered 106/9742, time remaining: 1h 52m 17s
Rendered 107/9742, time remaining: 1h 51m 54s
Rendered 108/9742, time remaining: 1h 51m 29s
Rendered 109/9742, time remaining: 1h 53m 49s
Rendered 110/9742, time remaining: 1h 53m 36s
Rendered 111/9742, time remaining: 1h 52m 54s
Rendered 112/9742, time remaining: 1h 52m 15s
Rendered 113/9742, time remaining: 1h 51m 35s
Rendered 114/9742, time remaining: 1h 51m 0s
Rendered 115/9742, time remaining: 1h 50m 21s
Rendered 116/9742, time remaining: 1h 49m 45s
Rendered 117/9742, time remaining: 1h 52m 32s
Rendered 118/9742, time remaining: 1h 51m 52s
Rendered 119/9742, time remaining: 1h 51m 12s
Rendered 120/9742, time remaining: 1h 50m 33s
Rendered 121/9742, time remaining: 1h 49m 55s
Rendered 122/9742, time remaining: 1h 49m 22s
Rendered 123/9742, time remaining: 1h 48m 44s
Rendered 124/9742, time remaining: 1h 48m 10s
Rendered 125/9742, time remaining: 1h 50m 41s
Rendered 126/9742, time remaining: 1h 50m 6s
Rendered 127/9742, time remaining: 1h 49m 29s
Rendered 128/9742, time remaining: 1h 48m 54s
Rendered 129/9742, time remaining: 1h 48m 21s
Rendered 130/9742, time remaining: 1h 47m 51s
Rendered 131/9742, time remaining: 1h 47m 17s
Rendered 132/9742, time remaining: 1h 46m 43s
Rendered 133/9742, time remaining: 1h 49m 3s
Rendered 134/9742, time remaining: 1h 48m 39s
Rendered 135/9742, time remaining: 1h 48m 6s
Rendered 136/9742, time remaining: 1h 47m 33s
Rendered 137/9742, time remaining: 1h 47m 0s
Rendered 138/9742, time remaining: 1h 46m 29s
Rendered 139/9742, time remaining: 1h 46m 2s
Rendered 140/9742, time remaining: 1h 45m 35s
Rendered 141/9742, time remaining: 1h 47m 39s
Rendered 142/9742, time remaining: 1h 47m 7s
Rendered 143/9742, time remaining: 1h 46m 36s
Rendered 144/9742, time remaining: 1h 46m 7s
Rendered 145/9742, time remaining: 1h 45m 39s
Rendered 146/9742, time remaining: 1h 45m 29s
Rendered 147/9742, time remaining: 1h 45m 3s
Rendered 148/9742, time remaining: 1h 44m 37s
Rendered 149/9742, time remaining: 1h 45m 54s
Rendered 150/9742, time remaining: 1h 45m 46s
Rendered 151/9742, time remaining: 1h 41m 42s
Rendered 152/9742, time remaining: 1h 40m 59s
Rendered 153/9742, time remaining: 1h 40m 54s
Rendered 154/9742, time remaining: 1h 42m 8s
Rendered 155/9742, time remaining: 1h 42m 21s
Rendered 156/9742, time remaining: 1h 42m 27s
Rendered 157/9742, time remaining: 1h 42m 30s
Rendered 158/9742, time remaining: 1h 42m 31s
Rendered 159/9742, time remaining: 1h 39m 22s
Rendered 160/9742, time remaining: 1h 39m 23s
Rendered 161/9742, time remaining: 1h 39m 38s
Rendered 162/9742, time remaining: 1h 40m 38s
Rendered 163/9742, time remaining: 1h 40m 58s
Rendered 164/9742, time remaining: 1h 41m 15s
Rendered 165/9742, time remaining: 1h 41m 44s
Rendered 166/9742, time remaining: 1h 41m 28s
Rendered 167/9742, time remaining: 1h 38m 8s
Rendered 168/9742, time remaining: 1h 38m 8s
Rendered 169/9742, time remaining: 1h 38m 15s
Rendered 170/9742, time remaining: 1h 38m 32s
Rendered 171/9742, time remaining: 1h 39m 7s
Rendered 172/9742, time remaining: 1h 39m 24s
Rendered 173/9742, time remaining: 1h 40m 11s
Rendered 174/9742, time remaining: 1h 40m 23s
Rendered 175/9742, time remaining: 1h 37m 33s
Rendered 176/9742, time remaining: 1h 37m 15s
Rendered 177/9742, time remaining: 1h 37m 18s
Rendered 178/9742, time remaining: 1h 37m 37s
Rendered 179/9742, time remaining: 1h 38m 1s
Rendered 180/9742, time remaining: 1h 38m 22s
Rendered 181/9742, time remaining: 1h 38m 56s
Rendered 182/9742, time remaining: 1h 38m 52s
Rendered 183/9742, time remaining: 1h 36m 23s
Rendered 184/9742, time remaining: 1h 36m 24s
Rendered 185/9742, time remaining: 1h 36m 16s
Rendered 186/9742, time remaining: 1h 36m 34s
Rendered 187/9742, time remaining: 1h 36m 45s
Rendered 188/9742, time remaining: 1h 36m 38s
Rendered 189/9742, time remaining: 1h 37m 31s
Rendered 190/9742, time remaining: 1h 37m 21s
Rendered 191/9742, time remaining: 1h 33m 49s
Rendered 192/9742, time remaining: 1h 33m 33s
Rendered 193/9742, time remaining: 1h 33m 14s
Rendered 194/9742, time remaining: 1h 34m 25s
Rendered 195/9742, time remaining: 1h 31m 44s
Rendered 196/9742, time remaining: 1h 31m 51s
Rendered 197/9742, time remaining: 1h 31m 46s
Rendered 198/9742, time remaining: 1h 31m 36s
Rendered 199/9742, time remaining: 1h 31m 33s
Rendered 200/9742, time remaining: 1h 31m 25s
Rendered 201/9742, time remaining: 1h 32m 3s
Rendered 202/9742, time remaining: 1h 33m 29s
Rendered 203/9742, time remaining: 1h 31m 4s
Rendered 204/9742, time remaining: 1h 31m 1s
Rendered 205/9742, time remaining: 1h 31m 0s
Rendered 206/9742, time remaining: 1h 30m 58s
Rendered 207/9742, time remaining: 1h 30m 53s
Rendered 208/9742, time remaining: 1h 30m 49s
Rendered 209/9742, time remaining: 1h 32m 8s
Rendered 210/9742, time remaining: 1h 33m 4s
Rendered 211/9742, time remaining: 1h 30m 5s
Rendered 212/9742, time remaining: 1h 30m 0s
Rendered 213/9742, time remaining: 1h 30m 17s
Rendered 214/9742, time remaining: 1h 30m 16s
Rendered 215/9742, time remaining: 1h 30m 44s
Rendered 216/9742, time remaining: 1h 30m 51s
Rendered 217/9742, time remaining: 1h 32m 10s
Rendered 218/9742, time remaining: 1h 32m 5s
Rendered 219/9742, time remaining: 1h 29m 16s
Rendered 220/9742, time remaining: 1h 28m 57s
Rendered 221/9742, time remaining: 1h 29m 17s
Rendered 222/9742, time remaining: 1h 29m 12s
Rendered 223/9742, time remaining: 1h 29m 13s
Rendered 224/9742, time remaining: 1h 30m 2s
Rendered 225/9742, time remaining: 1h 31m 9s
Rendered 226/9742, time remaining: 1h 31m 9s
Rendered 227/9742, time remaining: 1h 28m 36s
Rendered 228/9742, time remaining: 1h 28m 36s
Rendered 229/9742, time remaining: 1h 28m 39s
Rendered 230/9742, time remaining: 1h 28m 42s
Rendered 231/9742, time remaining: 1h 28m 41s
Rendered 232/9742, time remaining: 1h 29m 32s
Rendered 233/9742, time remaining: 1h 30m 58s
Rendered 234/9742, time remaining: 1h 31m 6s
Rendered 235/9742, time remaining: 1h 28m 11s
Rendered 236/9742, time remaining: 1h 27m 56s
Rendered 237/9742, time remaining: 1h 27m 55s
Rendered 238/9742, time remaining: 1h 27m 53s
Rendered 239/9742, time remaining: 1h 28m 5s
Rendered 240/9742, time remaining: 1h 29m 42s
Rendered 241/9742, time remaining: 1h 29m 52s
Rendered 242/9742, time remaining: 1h 29m 51s
Rendered 243/9742, time remaining: 1h 27m 28s
Rendered 244/9742, time remaining: 1h 26m 53s
Rendered 245/9742, time remaining: 1h 27m 13s
Rendered 246/9742, time remaining: 1h 27m 8s
Rendered 247/9742, time remaining: 1h 27m 52s
Rendered 248/9742, time remaining: 1h 28m 49s
Rendered 249/9742, time remaining: 1h 28m 42s
Rendered 250/9742, time remaining: 1h 28m 38s
Rendered 251/9742, time remaining: 1h 26m 5s
Rendered 252/9742, time remaining: 1h 26m 24s
Rendered 253/9742, time remaining: 1h 26m 24s
Rendered 254/9742, time remaining: 1h 26m 34s
Rendered 255/9742, time remaining: 1h 27m 26s
Rendered 256/9742, time remaining: 1h 28m 55s
Rendered 257/9742, time remaining: 1h 28m 44s
Rendered 258/9742, time remaining: 1h 28m 55s
Rendered 259/9742, time remaining: 1h 26m 44s
Rendered 260/9742, time remaining: 1h 26m 24s
Rendered 261/9742, time remaining: 1h 26m 26s
Rendered 262/9742, time remaining: 1h 27m 0s
Rendered 263/9742, time remaining: 1h 28m 13s
Rendered 264/9742, time remaining: 1h 28m 43s
Rendered 265/9742, time remaining: 1h 28m 55s
Rendered 266/9742, time remaining: 1h 28m 52s
Rendered 267/9742, time remaining: 1h 26m 35s
Rendered 268/9742, time remaining: 1h 26m 46s
Rendered 269/9742, time remaining: 1h 26m 56s
Rendered 270/9742, time remaining: 1h 27m 28s
Rendered 271/9742, time remaining: 1h 28m 17s
Rendered 272/9742, time remaining: 1h 28m 33s
Rendered 273/9742, time remaining: 1h 28m 34s
Rendered 274/9742, time remaining: 1h 28m 30s
Rendered 275/9742, time remaining: 1h 26m 19s
Rendered 276/9742, time remaining: 1h 26m 18s
Rendered 277/9742, time remaining: 1h 27m 19s
Rendered 278/9742, time remaining: 1h 27m 58s
Rendered 279/9742, time remaining: 1h 28m 15s
Rendered 280/9742, time remaining: 1h 28m 33s
Rendered 281/9742, time remaining: 1h 28m 35s
Rendered 282/9742, time remaining: 1h 28m 35s
Rendered 283/9742, time remaining: 1h 26m 13s
Rendered 284/9742, time remaining: 1h 26m 37s
Rendered 285/9742, time remaining: 1h 26m 41s
Rendered 286/9742, time remaining: 1h 28m 39s
Rendered 287/9742, time remaining: 1h 28m 39s
Rendered 288/9742, time remaining: 1h 28m 59s
Rendered 289/9742, time remaining: 1h 28m 57s
Rendered 290/9742, time remaining: 1h 28m 57s
Rendered 291/9742, time remaining: 1h 26m 43s
Rendered 292/9742, time remaining: 1h 27m 53s
Rendered 293/9742, time remaining: 1h 28m 52s
Rendered 294/9742, time remaining: 1h 29m 11s
Rendered 295/9742, time remaining: 1h 29m 35s
Rendered 296/9742, time remaining: 1h 29m 19s
Rendered 297/9742, time remaining: 1h 29m 18s
Rendered 298/9742, time remaining: 1h 29m 50s
Rendered 299/9742, time remaining: 1h 28m 11s
Rendered 300/9742, time remaining: 1h 29m 33s
Rendered 301/9742, time remaining: 1h 29m 22s
Rendered 302/9742, time remaining: 1h 29m 47s
Rendered 303/9742, time remaining: 1h 29m 47s
Rendered 304/9742, time remaining: 1h 28m 48s
Rendered 305/9742, time remaining: 1h 28m 47s
Rendered 306/9742, time remaining: 1h 29m 5s
Rendered 307/9742, time remaining: 1h 28m 59s
Rendered 308/9742, time remaining: 1h 30m 0s
Rendered 309/9742, time remaining: 1h 30m 36s
Rendered 310/9742, time remaining: 1h 31m 8s
Rendered 311/9742, time remaining: 1h 30m 55s
Rendered 312/9742, time remaining: 1h 29m 54s
Rendered 313/9742, time remaining: 1h 30m 2s
Rendered 314/9742, time remaining: 1h 29m 43s
Rendered 315/9742, time remaining: 1h 29m 27s
Rendered 316/9742, time remaining: 1h 30m 17s
Rendered 317/9742, time remaining: 1h 31m 1s
Rendered 318/9742, time remaining: 1h 31m 29s
Rendered 319/9742, time remaining: 1h 31m 9s
Rendered 320/9742, time remaining: 1h 31m 17s
Rendered 321/9742, time remaining: 1h 30m 38s
Rendered 322/9742, time remaining: 1h 31m 38s
Rendered 323/9742, time remaining: 1h 30m 50s
Rendered 324/9742, time remaining: 1h 30m 29s
Rendered 325/9742, time remaining: 1h 30m 51s
Rendered 326/9742, time remaining: 1h 31m 2s
Rendered 327/9742, time remaining: 1h 30m 53s
Rendered 328/9742, time remaining: 1h 32m 2s
Rendered 329/9742, time remaining: 1h 31m 54s
Rendered 330/9742, time remaining: 1h 31m 49s
Rendered 331/9742, time remaining: 1h 31m 2s
Rendered 332/9742, time remaining: 1h 31m 12s
Rendered 333/9742, time remaining: 1h 30m 53s
Rendered 334/9742, time remaining: 1h 30m 44s
Rendered 335/9742, time remaining: 1h 31m 8s
Rendered 336/9742, time remaining: 1h 32m 52s
Rendered 337/9742, time remaining: 1h 33m 6s
Rendered 338/9742, time remaining: 1h 33m 10s
Rendered 339/9742, time remaining: 1h 32m 7s
Rendered 340/9742, time remaining: 1h 32m 32s
Rendered 341/9742, time remaining: 1h 32m 33s
Rendered 342/9742, time remaining: 1h 32m 34s
Rendered 343/9742, time remaining: 1h 32m 3s
Rendered 344/9742, time remaining: 1h 31m 41s
Rendered 345/9742, time remaining: 1h 32m 23s
Rendered 346/9742, time remaining: 1h 32m 22s
Rendered 347/9742, time remaining: 1h 32m 19s
Rendered 348/9742, time remaining: 1h 32m 41s
Rendered 349/9742, time remaining: 1h 32m 31s
Rendered 350/9742, time remaining: 1h 32m 43s
Rendered 351/9742, time remaining: 1h 33m 21s
Rendered 352/9742, time remaining: 1h 32m 55s
Rendered 353/9742, time remaining: 1h 33m 13s
Rendered 354/9742, time remaining: 1h 33m 17s
Rendered 355/9742, time remaining: 1h 33m 6s
Rendered 356/9742, time remaining: 1h 33m 8s
Rendered 357/9742, time remaining: 1h 33m 10s
Rendered 358/9742, time remaining: 1h 35m 33s
Rendered 359/9742, time remaining: 1h 34m 16s
Rendered 360/9742, time remaining: 1h 33m 52s
Rendered 361/9742, time remaining: 1h 33m 54s
Rendered 362/9742, time remaining: 1h 33m 57s
Rendered 363/9742, time remaining: 1h 33m 59s
Rendered 364/9742, time remaining: 1h 34m 1s
Rendered 365/9742, time remaining: 1h 33m 34s
Rendered 366/9742, time remaining: 1h 34m 39s
Rendered 367/9742, time remaining: 1h 34m 8s
Rendered 368/9742, time remaining: 1h 34m 18s
Rendered 369/9742, time remaining: 1h 34m 7s
Rendered 370/9742, time remaining: 1h 34m 31s
Rendered 371/9742, time remaining: 1h 34m 9s
Rendered 372/9742, time remaining: 1h 34m 23s
Rendered 373/9742, time remaining: 1h 34m 22s
Rendered 374/9742, time remaining: 1h 36m 0s
Rendered 375/9742, time remaining: 1h 35m 6s
Rendered 376/9742, time remaining: 1h 34m 46s
Rendered 377/9742, time remaining: 1h 34m 47s
Rendered 378/9742, time remaining: 1h 34m 49s
Rendered 379/9742, time remaining: 1h 34m 35s
Rendered 380/9742, time remaining: 1h 34m 27s
Rendered 381/9742, time remaining: 1h 34m 29s
Rendered 382/9742, time remaining: 1h 35m 39s
Rendered 383/9742, time remaining: 1h 34m 45s
Rendered 384/9742, time remaining: 1h 34m 36s
Rendered 385/9742, time remaining: 1h 34m 36s
Rendered 386/9742, time remaining: 1h 34m 44s
Rendered 387/9742, time remaining: 1h 34m 41s
Rendered 388/9742, time remaining: 1h 34m 41s
Rendered 389/9742, time remaining: 1h 34m 30s
Rendered 390/9742, time remaining: 1h 33m 33s
Rendered 391/9742, time remaining: 1h 34m 15s
Rendered 392/9742, time remaining: 1h 34m 15s
Rendered 393/9742, time remaining: 1h 35m 3s
Rendered 394/9742, time remaining: 1h 35m 30s
Rendered 395/9742, time remaining: 1h 35m 8s
Rendered 396/9742, time remaining: 1h 35m 7s
Rendered 397/9742, time remaining: 1h 34m 19s
Rendered 398/9742, time remaining: 1h 33m 44s
Rendered 399/9742, time remaining: 1h 33m 45s
Rendered 400/9742, time remaining: 1h 34m 26s
Rendered 401/9742, time remaining: 1h 35m 48s
Rendered 402/9742, time remaining: 1h 35m 19s
Rendered 403/9742, time remaining: 1h 35m 10s
Rendered 404/9742, time remaining: 1h 35m 24s
Rendered 405/9742, time remaining: 1h 34m 29s
Rendered 406/9742, time remaining: 1h 33m 0s
Rendered 407/9742, time remaining: 1h 33m 37s
Rendered 408/9742, time remaining: 1h 34m 23s
Rendered 409/9742, time remaining: 1h 35m 17s
Rendered 410/9742, time remaining: 1h 35m 15s
Rendered 411/9742, time remaining: 1h 35m 32s
Rendered 412/9742, time remaining: 1h 34m 59s
Rendered 413/9742, time remaining: 1h 33m 46s
Rendered 414/9742, time remaining: 1h 33m 13s
Rendered 415/9742, time remaining: 1h 33m 33s
Rendered 416/9742, time remaining: 1h 34m 47s
Rendered 417/9742, time remaining: 1h 35m 12s
Rendered 418/9742, time remaining: 1h 35m 3s
Rendered 419/9742, time remaining: 1h 35m 5s
Rendered 420/9742, time remaining: 1h 34m 46s
Rendered 421/9742, time remaining: 1h 34m 50s
Rendered 422/9742, time remaining: 1h 34m 53s
Rendered 423/9742, time remaining: 1h 35m 51s
Rendered 424/9742, time remaining: 1h 37m 2s
Rendered 425/9742, time remaining: 1h 37m 49s
Rendered 426/9742, time remaining: 1h 37m 54s
Rendered 427/9742, time remaining: 1h 37m 48s
Rendered 428/9742, time remaining: 1h 37m 25s
Rendered 429/9742, time remaining: 1h 37m 9s
Rendered 430/9742, time remaining: 1h 36m 42s
Rendered 431/9742, time remaining: 1h 36m 27s
Rendered 432/9742, time remaining: 1h 36m 12s
Rendered 433/9742, time remaining: 1h 38m 31s
Rendered 434/9742, time remaining: 1h 38m 18s
Rendered 435/9742, time remaining: 1h 38m 12s
Rendered 436/9742, time remaining: 1h 36m 16s
Rendered 437/9742, time remaining: 1h 36m 15s
Rendered 438/9742, time remaining: 1h 35m 58s
Rendered 439/9742, time remaining: 1h 35m 54s
Rendered 440/9742, time remaining: 1h 35m 51s
Rendered 441/9742, time remaining: 1h 37m 46s
Rendered 442/9742, time remaining: 1h 37m 5s
Rendered 443/9742, time remaining: 1h 36m 7s
Rendered 444/9742, time remaining: 1h 35m 48s
Rendered 445/9742, time remaining: 1h 35m 24s
Rendered 446/9742, time remaining: 1h 35m 22s
Rendered 447/9742, time remaining: 1h 35m 19s
Rendered 448/9742, time remaining: 1h 34m 56s
Rendered 449/9742, time remaining: 1h 37m 18s
Rendered 450/9742, time remaining: 1h 35m 45s
