## coenzym-q10
generating scene-01-aoede.wav
generating scene-02-aoede.wav
generating scene-03-aoede.wav
generating scene-04-aoede.wav
generating scene-05-aoede.wav
generating scene-06-aoede.wav
generating scene-07-aoede.wav
generating scene-08-aoede.wav
generating scene-09-aoede.wav
generating scene-10-aoede.wav
coenzym-q10 duration 3:04 Min.
## nmn
generating scene-01-aoede.wav
generating scene-02-aoede.wav
generating scene-03-aoede.wav
generating scene-04-aoede.wav
generating scene-05-aoede.wav
generating scene-06-aoede.wav
generating scene-07-aoede.wav
generating scene-08-aoede.wav
generating scene-09-aoede.wav
generating scene-10-aoede.wav
nmn duration 2:59 Min.
## magnesium
generating scene-01-aoede.wav
generating scene-02-aoede.wav
generating scene-03-aoede.wav
generating scene-04-aoede.wav
generating scene-05-aoede.wav
generating scene-06-aoede.wav
generating scene-07-aoede.wav
generating scene-08-aoede.wav
generating scene-09-aoede.wav
generating scene-10-aoede.wav
magnesium duration 3:04 Min.
## vitamin-d3-k2
generating scene-01-aoede.wav
generating scene-02-aoede.wav
generating scene-03-aoede.wav
generating scene-04-aoede.wav
generating scene-05-aoede.wav
generating scene-06-aoede.wav
generating scene-07-aoede.wav
generating scene-08-aoede.wav
generating scene-09-aoede.wav
generating scene-10-aoede.wav
vitamin-d3-k2 duration 3:03 Min.
## omega-3
generating scene-01-aoede.wav
generating scene-02-aoede.wav
generating scene-03-aoede.wav
generating scene-04-aoede.wav
generating scene-05-aoede.wav
generating scene-06-aoede.wav
generating scene-07-aoede.wav
generating scene-08-aoede.wav
generating scene-09-aoede.wav
generating scene-10-aoede.wav
omega-3 duration 3:07 Min.
manifest C:\Users\marga\callidus_youtube\ashwagandha-remotion\out\callidus-batch-normalos-manifest.json
