2026-06-02 16:08:46.741: [INFO][Sync] Reset engine, reason: 8
2026-06-02 16:08:46.741: [INFO][Sync] Stopped: Bookmarks
2026-06-02 16:08:46.741: [INFO][Sync] Stopped: Preferences
2026-06-02 16:08:46.741: [INFO][Sync] Stopped: Passwords
2026-06-02 16:08:46.741: [INFO][Sync] Stopped: Autofill Profiles
2026-06-02 16:08:46.741: [INFO][Sync] Stopped: Autofill
2026-06-02 16:08:46.741: [INFO][Sync] Stopped: Extensions
2026-06-02 16:08:46.741: [INFO][Sync] Stopped: Sessions
2026-06-02 16:08:46.741: [INFO][Sync] Stopped: Extension settings
2026-06-02 16:08:46.741: [INFO][Sync] Stopped: History Delete Directives
2026-06-02 16:08:46.741: [INFO][Sync] Stopped: Device Info
2026-06-02 16:08:46.741: [INFO][Sync] Stopped: User Consents
2026-06-02 16:08:46.741: [INFO][Sync] Stopped: Send Tab To Self
2026-06-02 16:08:46.741: [INFO][Sync] Stopped: Web Apps
2026-06-02 16:08:46.741: [INFO][Sync] Stopped: History
2026-06-02 16:08:46.741: [INFO][Sync] Stopped: Saved Tab Group
2026-06-02 16:08:46.741: [INFO][Sync] Stopped: WebAuthn Credentials
2026-06-02 16:08:46.741: [INFO][Sync] Stopped: Collection
2026-06-02 16:08:46.741: [INFO][Sync] Stopped: Edge E Drop
2026-06-02 16:08:46.741: [INFO][Sync] Stopped: Edge Hub App Usage
2026-06-02 16:08:46.741: [INFO][Sync] Stopped: Edge Wallet
2026-06-02 16:08:46.741: [INFO][Sync] Stopped: Edge Workspace
2026-06-02 16:08:46.741: [INFO][Sync] SyncState after authenticated was: NotSignedIn
2026-06-02 16:08:46.908: [INFO][Sync] Reset engine, reason: 8
2026-06-02 16:08:46.908: [INFO][Sync] Stopped: Bookmarks
2026-06-02 16:08:46.908: [INFO][Sync] Stopped: Preferences
2026-06-02 16:08:46.908: [INFO][Sync] Stopped: Passwords
2026-06-02 16:08:46.908: [INFO][Sync] Stopped: Autofill Profiles
2026-06-02 16:08:46.908: [INFO][Sync] Stopped: Autofill
2026-06-02 16:08:46.908: [INFO][Sync] Stopped: Extensions
2026-06-02 16:08:46.908: [INFO][Sync] Stopped: Sessions
2026-06-02 16:08:46.908: [INFO][Sync] Stopped: Extension settings
2026-06-02 16:08:46.908: [INFO][Sync] Stopped: History Delete Directives
2026-06-02 16:08:46.908: [INFO][Sync] Stopped: Device Info
2026-06-02 16:08:46.908: [INFO][Sync] Stopped: User Consents
2026-06-02 16:08:46.908: [INFO][Sync] Stopped: Send Tab To Self
2026-06-02 16:08:46.908: [INFO][Sync] Stopped: Web Apps
2026-06-02 16:08:46.908: [INFO][Sync] Stopped: History
2026-06-02 16:08:46.908: [INFO][Sync] Stopped: Saved Tab Group
2026-06-02 16:08:46.908: [INFO][Sync] Stopped: WebAuthn Credentials
2026-06-02 16:08:46.909: [INFO][Sync] Stopped: Collection
2026-06-02 16:08:46.909: [INFO][Sync] Stopped: Edge E Drop
2026-06-02 16:08:46.909: [INFO][Sync] Stopped: Edge Hub App Usage
2026-06-02 16:08:46.909: [INFO][Sync] Stopped: Edge Wallet
2026-06-02 16:08:46.909: [INFO][Sync] Stopped: Edge Workspace
2026-06-02 16:08:51.078: [INFO][Sync] Reset engine, reason: 0
2026-06-02 16:08:54.828: [INFO][Sync] SyncState after authenticated was: FeatureNotSetup
2026-06-02 16:09:08.897: [INFO][Sync] Reset engine, reason: 0
2026-06-02 16:09:10.814: [INFO][Sync] SyncState after authenticated was: FeatureNotSetup
2026-06-02 16:09:13.425: [INFO][Sync] Reset engine, reason: 0
2026-06-02 16:09:26.899: [INFO][Sync] SyncState after authenticated was: FeatureNotSetup
2026-06-02 16:09:34.871: [INFO][Sync] SyncState after authenticated was: FeatureNotSetup
2026-06-02 16:09:38.287: [INFO][Sync] Reset engine, reason: 0
