2026-06-02 15:55:20.861: [INFO][Sync] Reset engine, reason: 8
2026-06-02 15:55:20.861: [INFO][Sync] Stopped: Bookmarks
2026-06-02 15:55:20.861: [INFO][Sync] Stopped: Preferences
2026-06-02 15:55:20.861: [INFO][Sync] Stopped: Passwords
2026-06-02 15:55:20.861: [INFO][Sync] Stopped: Autofill Profiles
2026-06-02 15:55:20.861: [INFO][Sync] Stopped: Autofill
2026-06-02 15:55:20.861: [INFO][Sync] Stopped: Extensions
2026-06-02 15:55:20.861: [INFO][Sync] Stopped: Sessions
2026-06-02 15:55:20.861: [INFO][Sync] Stopped: Extension settings
2026-06-02 15:55:20.861: [INFO][Sync] Stopped: History Delete Directives
2026-06-02 15:55:20.861: [INFO][Sync] Stopped: Device Info
2026-06-02 15:55:20.861: [INFO][Sync] Stopped: User Consents
2026-06-02 15:55:20.861: [INFO][Sync] Stopped: Send Tab To Self
2026-06-02 15:55:20.861: [INFO][Sync] Stopped: Web Apps
2026-06-02 15:55:20.861: [INFO][Sync] Stopped: History
2026-06-02 15:55:20.861: [INFO][Sync] Stopped: Saved Tab Group
2026-06-02 15:55:20.861: [INFO][Sync] Stopped: WebAuthn Credentials
2026-06-02 15:55:20.861: [INFO][Sync] Stopped: Collection
2026-06-02 15:55:20.861: [INFO][Sync] Stopped: Edge E Drop
2026-06-02 15:55:20.861: [INFO][Sync] Stopped: Edge Hub App Usage
2026-06-02 15:55:20.861: [INFO][Sync] Stopped: Edge Wallet
2026-06-02 15:55:20.861: [INFO][Sync] Stopped: Edge Workspace
2026-06-02 15:55:20.862: [INFO][Sync] SyncState after authenticated was: NotSignedIn
2026-06-02 15:55:21.144: [INFO][Sync] Reset engine, reason: 8
2026-06-02 15:55:21.144: [INFO][Sync] Stopped: Bookmarks
2026-06-02 15:55:21.144: [INFO][Sync] Stopped: Preferences
2026-06-02 15:55:21.144: [INFO][Sync] Stopped: Passwords
2026-06-02 15:55:21.144: [INFO][Sync] Stopped: Autofill Profiles
2026-06-02 15:55:21.144: [INFO][Sync] Stopped: Autofill
2026-06-02 15:55:21.144: [INFO][Sync] Stopped: Extensions
2026-06-02 15:55:21.144: [INFO][Sync] Stopped: Sessions
2026-06-02 15:55:21.144: [INFO][Sync] Stopped: Extension settings
2026-06-02 15:55:21.144: [INFO][Sync] Stopped: History Delete Directives
2026-06-02 15:55:21.144: [INFO][Sync] Stopped: Device Info
2026-06-02 15:55:21.144: [INFO][Sync] Stopped: User Consents
2026-06-02 15:55:21.144: [INFO][Sync] Stopped: Send Tab To Self
2026-06-02 15:55:21.144: [INFO][Sync] Stopped: Web Apps
2026-06-02 15:55:21.144: [INFO][Sync] Stopped: History
2026-06-02 15:55:21.144: [INFO][Sync] Stopped: Saved Tab Group
2026-06-02 15:55:21.144: [INFO][Sync] Stopped: WebAuthn Credentials
2026-06-02 15:55:21.144: [INFO][Sync] Stopped: Collection
2026-06-02 15:55:21.144: [INFO][Sync] Stopped: Edge E Drop
2026-06-02 15:55:21.144: [INFO][Sync] Stopped: Edge Hub App Usage
2026-06-02 15:55:21.144: [INFO][Sync] Stopped: Edge Wallet
2026-06-02 15:55:21.144: [INFO][Sync] Stopped: Edge Workspace
2026-06-02 15:55:35.876: [INFO][Sync] Reset engine, reason: 0
2026-06-02 15:55:36.447: [INFO][Sync] Reset engine, reason: 8
2026-06-02 15:55:36.447: [INFO][Sync] Stopped: Bookmarks
2026-06-02 15:55:36.447: [INFO][Sync] Stopped: Preferences
2026-06-02 15:55:36.447: [INFO][Sync] Stopped: Passwords
2026-06-02 15:55:36.447: [INFO][Sync] Stopped: Autofill Profiles
2026-06-02 15:55:36.447: [INFO][Sync] Stopped: Autofill
2026-06-02 15:55:36.447: [INFO][Sync] Stopped: Extensions
2026-06-02 15:55:36.447: [INFO][Sync] Stopped: Sessions
2026-06-02 15:55:36.447: [INFO][Sync] Stopped: Extension settings
2026-06-02 15:55:36.447: [INFO][Sync] Stopped: History Delete Directives
2026-06-02 15:55:36.447: [INFO][Sync] Stopped: Device Info
2026-06-02 15:55:36.447: [INFO][Sync] Stopped: User Consents
2026-06-02 15:55:36.447: [INFO][Sync] Stopped: Send Tab To Self
2026-06-02 15:55:36.447: [INFO][Sync] Stopped: Web Apps
2026-06-02 15:55:36.447: [INFO][Sync] Stopped: History
2026-06-02 15:55:36.447: [INFO][Sync] Stopped: Saved Tab Group
2026-06-02 15:55:36.447: [INFO][Sync] Stopped: WebAuthn Credentials
2026-06-02 15:55:36.447: [INFO][Sync] Stopped: Collection
2026-06-02 15:55:36.447: [INFO][Sync] Stopped: Edge E Drop
2026-06-02 15:55:36.447: [INFO][Sync] Stopped: Edge Hub App Usage
2026-06-02 15:55:36.447: [INFO][Sync] Stopped: Edge Wallet
2026-06-02 15:55:36.447: [INFO][Sync] Stopped: Edge Workspace
2026-06-02 15:55:36.447: [INFO][Sync] SyncState after authenticated was: NotSignedIn
2026-06-02 15:55:36.602: [INFO][Sync] Reset engine, reason: 8
2026-06-02 15:55:36.602: [INFO][Sync] Stopped: Bookmarks
2026-06-02 15:55:36.602: [INFO][Sync] Stopped: Preferences
2026-06-02 15:55:36.602: [INFO][Sync] Stopped: Passwords
2026-06-02 15:55:36.602: [INFO][Sync] Stopped: Autofill Profiles
2026-06-02 15:55:36.602: [INFO][Sync] Stopped: Autofill
2026-06-02 15:55:36.602: [INFO][Sync] Stopped: Extensions
2026-06-02 15:55:36.602: [INFO][Sync] Stopped: Sessions
2026-06-02 15:55:36.602: [INFO][Sync] Stopped: Extension settings
2026-06-02 15:55:36.602: [INFO][Sync] Stopped: History Delete Directives
2026-06-02 15:55:36.602: [INFO][Sync] Stopped: Device Info
2026-06-02 15:55:36.602: [INFO][Sync] Stopped: User Consents
2026-06-02 15:55:36.602: [INFO][Sync] Stopped: Send Tab To Self
2026-06-02 15:55:36.602: [INFO][Sync] Stopped: Web Apps
2026-06-02 15:55:36.602: [INFO][Sync] Stopped: History
2026-06-02 15:55:36.602: [INFO][Sync] Stopped: Saved Tab Group
2026-06-02 15:55:36.602: [INFO][Sync] Stopped: WebAuthn Credentials
2026-06-02 15:55:36.602: [INFO][Sync] Stopped: Collection
2026-06-02 15:55:36.602: [INFO][Sync] Stopped: Edge E Drop
2026-06-02 15:55:36.602: [INFO][Sync] Stopped: Edge Hub App Usage
2026-06-02 15:55:36.602: [INFO][Sync] Stopped: Edge Wallet
2026-06-02 15:55:36.602: [INFO][Sync] Stopped: Edge Workspace
2026-06-02 15:55:51.208: [INFO][Sync] Reset engine, reason: 0
2026-06-02 15:55:51.725: [INFO][Sync] Reset engine, reason: 8
2026-06-02 15:55:51.725: [INFO][Sync] Stopped: Bookmarks
2026-06-02 15:55:51.725: [INFO][Sync] Stopped: Preferences
2026-06-02 15:55:51.725: [INFO][Sync] Stopped: Passwords
2026-06-02 15:55:51.725: [INFO][Sync] Stopped: Autofill Profiles
2026-06-02 15:55:51.725: [INFO][Sync] Stopped: Autofill
2026-06-02 15:55:51.725: [INFO][Sync] Stopped: Extensions
2026-06-02 15:55:51.725: [INFO][Sync] Stopped: Sessions
2026-06-02 15:55:51.725: [INFO][Sync] Stopped: Extension settings
2026-06-02 15:55:51.725: [INFO][Sync] Stopped: History Delete Directives
2026-06-02 15:55:51.725: [INFO][Sync] Stopped: Device Info
2026-06-02 15:55:51.725: [INFO][Sync] Stopped: User Consents
2026-06-02 15:55:51.725: [INFO][Sync] Stopped: Send Tab To Self
2026-06-02 15:55:51.725: [INFO][Sync] Stopped: Web Apps
2026-06-02 15:55:51.725: [INFO][Sync] Stopped: History
2026-06-02 15:55:51.725: [INFO][Sync] Stopped: Saved Tab Group
2026-06-02 15:55:51.725: [INFO][Sync] Stopped: WebAuthn Credentials
2026-06-02 15:55:51.725: [INFO][Sync] Stopped: Collection
2026-06-02 15:55:51.725: [INFO][Sync] Stopped: Edge E Drop
2026-06-02 15:55:51.725: [INFO][Sync] Stopped: Edge Hub App Usage
2026-06-02 15:55:51.725: [INFO][Sync] Stopped: Edge Wallet
2026-06-02 15:55:51.725: [INFO][Sync] Stopped: Edge Workspace
2026-06-02 15:55:51.726: [INFO][Sync] SyncState after authenticated was: NotSignedIn
2026-06-02 15:55:51.866: [INFO][Sync] Reset engine, reason: 8
2026-06-02 15:55:51.866: [INFO][Sync] Stopped: Bookmarks
2026-06-02 15:55:51.866: [INFO][Sync] Stopped: Preferences
2026-06-02 15:55:51.866: [INFO][Sync] Stopped: Passwords
2026-06-02 15:55:51.866: [INFO][Sync] Stopped: Autofill Profiles
2026-06-02 15:55:51.866: [INFO][Sync] Stopped: Autofill
2026-06-02 15:55:51.866: [INFO][Sync] Stopped: Extensions
2026-06-02 15:55:51.866: [INFO][Sync] Stopped: Sessions
2026-06-02 15:55:51.866: [INFO][Sync] Stopped: Extension settings
2026-06-02 15:55:51.866: [INFO][Sync] Stopped: History Delete Directives
2026-06-02 15:55:51.866: [INFO][Sync] Stopped: Device Info
2026-06-02 15:55:51.866: [INFO][Sync] Stopped: User Consents
2026-06-02 15:55:51.866: [INFO][Sync] Stopped: Send Tab To Self
2026-06-02 15:55:51.866: [INFO][Sync] Stopped: Web Apps
2026-06-02 15:55:51.866: [INFO][Sync] Stopped: History
2026-06-02 15:55:51.866: [INFO][Sync] Stopped: Saved Tab Group
2026-06-02 15:55:51.866: [INFO][Sync] Stopped: WebAuthn Credentials
2026-06-02 15:55:51.866: [INFO][Sync] Stopped: Collection
2026-06-02 15:55:51.866: [INFO][Sync] Stopped: Edge E Drop
2026-06-02 15:55:51.866: [INFO][Sync] Stopped: Edge Hub App Usage
2026-06-02 15:55:51.866: [INFO][Sync] Stopped: Edge Wallet
2026-06-02 15:55:51.866: [INFO][Sync] Stopped: Edge Workspace
2026-06-02 15:56:06.443: [INFO][Sync] Reset engine, reason: 0
2026-06-02 15:56:06.931: [INFO][Sync] Reset engine, reason: 8
2026-06-02 15:56:06.931: [INFO][Sync] Stopped: Bookmarks
2026-06-02 15:56:06.931: [INFO][Sync] Stopped: Preferences
2026-06-02 15:56:06.931: [INFO][Sync] Stopped: Passwords
2026-06-02 15:56:06.931: [INFO][Sync] Stopped: Autofill Profiles
2026-06-02 15:56:06.931: [INFO][Sync] Stopped: Autofill
2026-06-02 15:56:06.931: [INFO][Sync] Stopped: Extensions
2026-06-02 15:56:06.931: [INFO][Sync] Stopped: Sessions
2026-06-02 15:56:06.931: [INFO][Sync] Stopped: Extension settings
2026-06-02 15:56:06.931: [INFO][Sync] Stopped: History Delete Directives
2026-06-02 15:56:06.931: [INFO][Sync] Stopped: Device Info
2026-06-02 15:56:06.931: [INFO][Sync] Stopped: User Consents
2026-06-02 15:56:06.931: [INFO][Sync] Stopped: Send Tab To Self
2026-06-02 15:56:06.931: [INFO][Sync] Stopped: Web Apps
2026-06-02 15:56:06.931: [INFO][Sync] Stopped: History
2026-06-02 15:56:06.931: [INFO][Sync] Stopped: Saved Tab Group
2026-06-02 15:56:06.931: [INFO][Sync] Stopped: WebAuthn Credentials
2026-06-02 15:56:06.931: [INFO][Sync] Stopped: Collection
2026-06-02 15:56:06.931: [INFO][Sync] Stopped: Edge E Drop
2026-06-02 15:56:06.931: [INFO][Sync] Stopped: Edge Hub App Usage
2026-06-02 15:56:06.931: [INFO][Sync] Stopped: Edge Wallet
2026-06-02 15:56:06.931: [INFO][Sync] Stopped: Edge Workspace
2026-06-02 15:56:06.931: [INFO][Sync] SyncState after authenticated was: NotSignedIn
2026-06-02 15:56:07.082: [INFO][Sync] Reset engine, reason: 8
2026-06-02 15:56:07.082: [INFO][Sync] Stopped: Bookmarks
2026-06-02 15:56:07.082: [INFO][Sync] Stopped: Preferences
2026-06-02 15:56:07.082: [INFO][Sync] Stopped: Passwords
2026-06-02 15:56:07.082: [INFO][Sync] Stopped: Autofill Profiles
2026-06-02 15:56:07.082: [INFO][Sync] Stopped: Autofill
2026-06-02 15:56:07.082: [INFO][Sync] Stopped: Extensions
2026-06-02 15:56:07.082: [INFO][Sync] Stopped: Sessions
2026-06-02 15:56:07.082: [INFO][Sync] Stopped: Extension settings
2026-06-02 15:56:07.082: [INFO][Sync] Stopped: History Delete Directives
2026-06-02 15:56:07.082: [INFO][Sync] Stopped: Device Info
2026-06-02 15:56:07.082: [INFO][Sync] Stopped: User Consents
2026-06-02 15:56:07.082: [INFO][Sync] Stopped: Send Tab To Self
2026-06-02 15:56:07.082: [INFO][Sync] Stopped: Web Apps
2026-06-02 15:56:07.082: [INFO][Sync] Stopped: History
2026-06-02 15:56:07.082: [INFO][Sync] Stopped: Saved Tab Group
2026-06-02 15:56:07.082: [INFO][Sync] Stopped: WebAuthn Credentials
2026-06-02 15:56:07.082: [INFO][Sync] Stopped: Collection
2026-06-02 15:56:07.082: [INFO][Sync] Stopped: Edge E Drop
2026-06-02 15:56:07.082: [INFO][Sync] Stopped: Edge Hub App Usage
2026-06-02 15:56:07.082: [INFO][Sync] Stopped: Edge Wallet
2026-06-02 15:56:07.082: [INFO][Sync] Stopped: Edge Workspace
2026-06-02 15:56:21.700: [INFO][Sync] Reset engine, reason: 0
2026-06-02 15:56:22.214: [INFO][Sync] Reset engine, reason: 8
2026-06-02 15:56:22.214: [INFO][Sync] Stopped: Bookmarks
2026-06-02 15:56:22.214: [INFO][Sync] Stopped: Preferences
2026-06-02 15:56:22.214: [INFO][Sync] Stopped: Passwords
2026-06-02 15:56:22.214: [INFO][Sync] Stopped: Autofill Profiles
2026-06-02 15:56:22.214: [INFO][Sync] Stopped: Autofill
2026-06-02 15:56:22.214: [INFO][Sync] Stopped: Extensions
2026-06-02 15:56:22.214: [INFO][Sync] Stopped: Sessions
2026-06-02 15:56:22.214: [INFO][Sync] Stopped: Extension settings
2026-06-02 15:56:22.214: [INFO][Sync] Stopped: History Delete Directives
2026-06-02 15:56:22.214: [INFO][Sync] Stopped: Device Info
2026-06-02 15:56:22.214: [INFO][Sync] Stopped: User Consents
2026-06-02 15:56:22.214: [INFO][Sync] Stopped: Send Tab To Self
2026-06-02 15:56:22.214: [INFO][Sync] Stopped: Web Apps
2026-06-02 15:56:22.214: [INFO][Sync] Stopped: History
2026-06-02 15:56:22.214: [INFO][Sync] Stopped: Saved Tab Group
2026-06-02 15:56:22.214: [INFO][Sync] Stopped: WebAuthn Credentials
2026-06-02 15:56:22.214: [INFO][Sync] Stopped: Collection
2026-06-02 15:56:22.214: [INFO][Sync] Stopped: Edge E Drop
2026-06-02 15:56:22.214: [INFO][Sync] Stopped: Edge Hub App Usage
2026-06-02 15:56:22.214: [INFO][Sync] Stopped: Edge Wallet
2026-06-02 15:56:22.214: [INFO][Sync] Stopped: Edge Workspace
2026-06-02 15:56:22.215: [INFO][Sync] SyncState after authenticated was: NotSignedIn
2026-06-02 15:56:22.356: [INFO][Sync] Reset engine, reason: 8
2026-06-02 15:56:22.356: [INFO][Sync] Stopped: Bookmarks
2026-06-02 15:56:22.356: [INFO][Sync] Stopped: Preferences
2026-06-02 15:56:22.356: [INFO][Sync] Stopped: Passwords
2026-06-02 15:56:22.356: [INFO][Sync] Stopped: Autofill Profiles
2026-06-02 15:56:22.356: [INFO][Sync] Stopped: Autofill
2026-06-02 15:56:22.356: [INFO][Sync] Stopped: Extensions
2026-06-02 15:56:22.356: [INFO][Sync] Stopped: Sessions
2026-06-02 15:56:22.356: [INFO][Sync] Stopped: Extension settings
2026-06-02 15:56:22.356: [INFO][Sync] Stopped: History Delete Directives
2026-06-02 15:56:22.356: [INFO][Sync] Stopped: Device Info
2026-06-02 15:56:22.356: [INFO][Sync] Stopped: User Consents
2026-06-02 15:56:22.356: [INFO][Sync] Stopped: Send Tab To Self
2026-06-02 15:56:22.356: [INFO][Sync] Stopped: Web Apps
2026-06-02 15:56:22.356: [INFO][Sync] Stopped: History
2026-06-02 15:56:22.356: [INFO][Sync] Stopped: Saved Tab Group
2026-06-02 15:56:22.356: [INFO][Sync] Stopped: WebAuthn Credentials
2026-06-02 15:56:22.356: [INFO][Sync] Stopped: Collection
2026-06-02 15:56:22.356: [INFO][Sync] Stopped: Edge E Drop
2026-06-02 15:56:22.356: [INFO][Sync] Stopped: Edge Hub App Usage
2026-06-02 15:56:22.356: [INFO][Sync] Stopped: Edge Wallet
2026-06-02 15:56:22.356: [INFO][Sync] Stopped: Edge Workspace
2026-06-02 15:56:36.939: [INFO][Sync] Reset engine, reason: 0
2026-06-02 15:56:37.454: [INFO][Sync] Reset engine, reason: 8
2026-06-02 15:56:37.454: [INFO][Sync] Stopped: Bookmarks
2026-06-02 15:56:37.454: [INFO][Sync] Stopped: Preferences
2026-06-02 15:56:37.454: [INFO][Sync] Stopped: Passwords
2026-06-02 15:56:37.454: [INFO][Sync] Stopped: Autofill Profiles
2026-06-02 15:56:37.454: [INFO][Sync] Stopped: Autofill
2026-06-02 15:56:37.454: [INFO][Sync] Stopped: Extensions
2026-06-02 15:56:37.454: [INFO][Sync] Stopped: Sessions
2026-06-02 15:56:37.454: [INFO][Sync] Stopped: Extension settings
2026-06-02 15:56:37.454: [INFO][Sync] Stopped: History Delete Directives
2026-06-02 15:56:37.454: [INFO][Sync] Stopped: Device Info
2026-06-02 15:56:37.454: [INFO][Sync] Stopped: User Consents
2026-06-02 15:56:37.454: [INFO][Sync] Stopped: Send Tab To Self
2026-06-02 15:56:37.454: [INFO][Sync] Stopped: Web Apps
2026-06-02 15:56:37.454: [INFO][Sync] Stopped: History
2026-06-02 15:56:37.454: [INFO][Sync] Stopped: Saved Tab Group
2026-06-02 15:56:37.454: [INFO][Sync] Stopped: WebAuthn Credentials
2026-06-02 15:56:37.454: [INFO][Sync] Stopped: Collection
2026-06-02 15:56:37.454: [INFO][Sync] Stopped: Edge E Drop
2026-06-02 15:56:37.454: [INFO][Sync] Stopped: Edge Hub App Usage
2026-06-02 15:56:37.454: [INFO][Sync] Stopped: Edge Wallet
2026-06-02 15:56:37.454: [INFO][Sync] Stopped: Edge Workspace
2026-06-02 15:56:37.454: [INFO][Sync] SyncState after authenticated was: NotSignedIn
2026-06-02 15:56:37.609: [INFO][Sync] Reset engine, reason: 8
2026-06-02 15:56:37.609: [INFO][Sync] Stopped: Bookmarks
2026-06-02 15:56:37.609: [INFO][Sync] Stopped: Preferences
2026-06-02 15:56:37.609: [INFO][Sync] Stopped: Passwords
2026-06-02 15:56:37.609: [INFO][Sync] Stopped: Autofill Profiles
2026-06-02 15:56:37.609: [INFO][Sync] Stopped: Autofill
2026-06-02 15:56:37.609: [INFO][Sync] Stopped: Extensions
2026-06-02 15:56:37.609: [INFO][Sync] Stopped: Sessions
2026-06-02 15:56:37.609: [INFO][Sync] Stopped: Extension settings
2026-06-02 15:56:37.609: [INFO][Sync] Stopped: History Delete Directives
2026-06-02 15:56:37.609: [INFO][Sync] Stopped: Device Info
2026-06-02 15:56:37.609: [INFO][Sync] Stopped: User Consents
2026-06-02 15:56:37.609: [INFO][Sync] Stopped: Send Tab To Self
2026-06-02 15:56:37.609: [INFO][Sync] Stopped: Web Apps
2026-06-02 15:56:37.609: [INFO][Sync] Stopped: History
2026-06-02 15:56:37.610: [INFO][Sync] Stopped: Saved Tab Group
2026-06-02 15:56:37.610: [INFO][Sync] Stopped: WebAuthn Credentials
2026-06-02 15:56:37.610: [INFO][Sync] Stopped: Collection
2026-06-02 15:56:37.610: [INFO][Sync] Stopped: Edge E Drop
2026-06-02 15:56:37.610: [INFO][Sync] Stopped: Edge Hub App Usage
2026-06-02 15:56:37.610: [INFO][Sync] Stopped: Edge Wallet
2026-06-02 15:56:37.610: [INFO][Sync] Stopped: Edge Workspace
2026-06-02 15:56:52.219: [INFO][Sync] Reset engine, reason: 0
2026-06-02 15:56:53.202: [INFO][Sync] Reset engine, reason: 8
2026-06-02 15:56:53.202: [INFO][Sync] Stopped: Bookmarks
2026-06-02 15:56:53.202: [INFO][Sync] Stopped: Preferences
2026-06-02 15:56:53.202: [INFO][Sync] Stopped: Passwords
2026-06-02 15:56:53.202: [INFO][Sync] Stopped: Autofill Profiles
2026-06-02 15:56:53.202: [INFO][Sync] Stopped: Autofill
2026-06-02 15:56:53.202: [INFO][Sync] Stopped: Extensions
2026-06-02 15:56:53.202: [INFO][Sync] Stopped: Sessions
2026-06-02 15:56:53.202: [INFO][Sync] Stopped: Extension settings
2026-06-02 15:56:53.202: [INFO][Sync] Stopped: History Delete Directives
2026-06-02 15:56:53.202: [INFO][Sync] Stopped: Device Info
2026-06-02 15:56:53.202: [INFO][Sync] Stopped: User Consents
2026-06-02 15:56:53.202: [INFO][Sync] Stopped: Send Tab To Self
2026-06-02 15:56:53.202: [INFO][Sync] Stopped: Web Apps
2026-06-02 15:56:53.202: [INFO][Sync] Stopped: History
2026-06-02 15:56:53.202: [INFO][Sync] Stopped: Saved Tab Group
2026-06-02 15:56:53.202: [INFO][Sync] Stopped: WebAuthn Credentials
2026-06-02 15:56:53.202: [INFO][Sync] Stopped: Collection
2026-06-02 15:56:53.203: [INFO][Sync] Stopped: Edge E Drop
2026-06-02 15:56:53.203: [INFO][Sync] Stopped: Edge Hub App Usage
2026-06-02 15:56:53.203: [INFO][Sync] Stopped: Edge Wallet
2026-06-02 15:56:53.203: [INFO][Sync] Stopped: Edge Workspace
2026-06-02 15:56:53.203: [INFO][Sync] SyncState after authenticated was: NotSignedIn
2026-06-02 15:56:53.343: [INFO][Sync] Reset engine, reason: 8
2026-06-02 15:56:53.343: [INFO][Sync] Stopped: Bookmarks
2026-06-02 15:56:53.343: [INFO][Sync] Stopped: Preferences
2026-06-02 15:56:53.343: [INFO][Sync] Stopped: Passwords
2026-06-02 15:56:53.343: [INFO][Sync] Stopped: Autofill Profiles
2026-06-02 15:56:53.343: [INFO][Sync] Stopped: Autofill
2026-06-02 15:56:53.343: [INFO][Sync] Stopped: Extensions
2026-06-02 15:56:53.343: [INFO][Sync] Stopped: Sessions
2026-06-02 15:56:53.344: [INFO][Sync] Stopped: Extension settings
2026-06-02 15:56:53.344: [INFO][Sync] Stopped: History Delete Directives
2026-06-02 15:56:53.344: [INFO][Sync] Stopped: Device Info
2026-06-02 15:56:53.344: [INFO][Sync] Stopped: User Consents
2026-06-02 15:56:53.344: [INFO][Sync] Stopped: Send Tab To Self
2026-06-02 15:56:53.344: [INFO][Sync] Stopped: Web Apps
2026-06-02 15:56:53.344: [INFO][Sync] Stopped: History
2026-06-02 15:56:53.344: [INFO][Sync] Stopped: Saved Tab Group
2026-06-02 15:56:53.344: [INFO][Sync] Stopped: WebAuthn Credentials
2026-06-02 15:56:53.344: [INFO][Sync] Stopped: Collection
2026-06-02 15:56:53.344: [INFO][Sync] Stopped: Edge E Drop
2026-06-02 15:56:53.344: [INFO][Sync] Stopped: Edge Hub App Usage
2026-06-02 15:56:53.344: [INFO][Sync] Stopped: Edge Wallet
2026-06-02 15:56:53.344: [INFO][Sync] Stopped: Edge Workspace
2026-06-02 15:57:07.916: [INFO][Sync] Reset engine, reason: 0
2026-06-02 15:57:08.416: [INFO][Sync] Reset engine, reason: 8
2026-06-02 15:57:08.416: [INFO][Sync] Stopped: Bookmarks
2026-06-02 15:57:08.416: [INFO][Sync] Stopped: Preferences
2026-06-02 15:57:08.416: [INFO][Sync] Stopped: Passwords
2026-06-02 15:57:08.416: [INFO][Sync] Stopped: Autofill Profiles
2026-06-02 15:57:08.416: [INFO][Sync] Stopped: Autofill
2026-06-02 15:57:08.416: [INFO][Sync] Stopped: Extensions
2026-06-02 15:57:08.416: [INFO][Sync] Stopped: Sessions
2026-06-02 15:57:08.416: [INFO][Sync] Stopped: Extension settings
2026-06-02 15:57:08.416: [INFO][Sync] Stopped: History Delete Directives
2026-06-02 15:57:08.416: [INFO][Sync] Stopped: Device Info
2026-06-02 15:57:08.416: [INFO][Sync] Stopped: User Consents
2026-06-02 15:57:08.416: [INFO][Sync] Stopped: Send Tab To Self
2026-06-02 15:57:08.416: [INFO][Sync] Stopped: Web Apps
2026-06-02 15:57:08.416: [INFO][Sync] Stopped: History
2026-06-02 15:57:08.416: [INFO][Sync] Stopped: Saved Tab Group
2026-06-02 15:57:08.416: [INFO][Sync] Stopped: WebAuthn Credentials
2026-06-02 15:57:08.416: [INFO][Sync] Stopped: Collection
2026-06-02 15:57:08.416: [INFO][Sync] Stopped: Edge E Drop
2026-06-02 15:57:08.416: [INFO][Sync] Stopped: Edge Hub App Usage
2026-06-02 15:57:08.416: [INFO][Sync] Stopped: Edge Wallet
2026-06-02 15:57:08.416: [INFO][Sync] Stopped: Edge Workspace
2026-06-02 15:57:08.416: [INFO][Sync] SyncState after authenticated was: NotSignedIn
2026-06-02 15:57:08.565: [INFO][Sync] Reset engine, reason: 8
2026-06-02 15:57:08.565: [INFO][Sync] Stopped: Bookmarks
2026-06-02 15:57:08.565: [INFO][Sync] Stopped: Preferences
2026-06-02 15:57:08.565: [INFO][Sync] Stopped: Passwords
2026-06-02 15:57:08.566: [INFO][Sync] Stopped: Autofill Profiles
2026-06-02 15:57:08.566: [INFO][Sync] Stopped: Autofill
2026-06-02 15:57:08.566: [INFO][Sync] Stopped: Extensions
2026-06-02 15:57:08.566: [INFO][Sync] Stopped: Sessions
2026-06-02 15:57:08.566: [INFO][Sync] Stopped: Extension settings
2026-06-02 15:57:08.566: [INFO][Sync] Stopped: History Delete Directives
2026-06-02 15:57:08.566: [INFO][Sync] Stopped: Device Info
2026-06-02 15:57:08.566: [INFO][Sync] Stopped: User Consents
2026-06-02 15:57:08.566: [INFO][Sync] Stopped: Send Tab To Self
2026-06-02 15:57:08.566: [INFO][Sync] Stopped: Web Apps
2026-06-02 15:57:08.566: [INFO][Sync] Stopped: History
2026-06-02 15:57:08.566: [INFO][Sync] Stopped: Saved Tab Group
2026-06-02 15:57:08.566: [INFO][Sync] Stopped: WebAuthn Credentials
2026-06-02 15:57:08.566: [INFO][Sync] Stopped: Collection
2026-06-02 15:57:08.566: [INFO][Sync] Stopped: Edge E Drop
2026-06-02 15:57:08.566: [INFO][Sync] Stopped: Edge Hub App Usage
2026-06-02 15:57:08.566: [INFO][Sync] Stopped: Edge Wallet
2026-06-02 15:57:08.566: [INFO][Sync] Stopped: Edge Workspace
2026-06-02 15:57:23.224: [INFO][Sync] Reset engine, reason: 0
2026-06-02 15:57:23.747: [INFO][Sync] Reset engine, reason: 8
2026-06-02 15:57:23.747: [INFO][Sync] Stopped: Bookmarks
2026-06-02 15:57:23.747: [INFO][Sync] Stopped: Preferences
2026-06-02 15:57:23.747: [INFO][Sync] Stopped: Passwords
2026-06-02 15:57:23.747: [INFO][Sync] Stopped: Autofill Profiles
2026-06-02 15:57:23.747: [INFO][Sync] Stopped: Autofill
2026-06-02 15:57:23.747: [INFO][Sync] Stopped: Extensions
2026-06-02 15:57:23.747: [INFO][Sync] Stopped: Sessions
2026-06-02 15:57:23.747: [INFO][Sync] Stopped: Extension settings
2026-06-02 15:57:23.747: [INFO][Sync] Stopped: History Delete Directives
2026-06-02 15:57:23.747: [INFO][Sync] Stopped: Device Info
2026-06-02 15:57:23.747: [INFO][Sync] Stopped: User Consents
2026-06-02 15:57:23.747: [INFO][Sync] Stopped: Send Tab To Self
2026-06-02 15:57:23.747: [INFO][Sync] Stopped: Web Apps
2026-06-02 15:57:23.747: [INFO][Sync] Stopped: History
2026-06-02 15:57:23.747: [INFO][Sync] Stopped: Saved Tab Group
2026-06-02 15:57:23.747: [INFO][Sync] Stopped: WebAuthn Credentials
2026-06-02 15:57:23.747: [INFO][Sync] Stopped: Collection
2026-06-02 15:57:23.747: [INFO][Sync] Stopped: Edge E Drop
2026-06-02 15:57:23.747: [INFO][Sync] Stopped: Edge Hub App Usage
2026-06-02 15:57:23.747: [INFO][Sync] Stopped: Edge Wallet
2026-06-02 15:57:23.747: [INFO][Sync] Stopped: Edge Workspace
2026-06-02 15:57:23.747: [INFO][Sync] SyncState after authenticated was: NotSignedIn
2026-06-02 15:57:23.888: [INFO][Sync] Reset engine, reason: 8
2026-06-02 15:57:23.888: [INFO][Sync] Stopped: Bookmarks
2026-06-02 15:57:23.888: [INFO][Sync] Stopped: Preferences
2026-06-02 15:57:23.888: [INFO][Sync] Stopped: Passwords
2026-06-02 15:57:23.888: [INFO][Sync] Stopped: Autofill Profiles
2026-06-02 15:57:23.888: [INFO][Sync] Stopped: Autofill
2026-06-02 15:57:23.888: [INFO][Sync] Stopped: Extensions
2026-06-02 15:57:23.888: [INFO][Sync] Stopped: Sessions
2026-06-02 15:57:23.888: [INFO][Sync] Stopped: Extension settings
2026-06-02 15:57:23.888: [INFO][Sync] Stopped: History Delete Directives
2026-06-02 15:57:23.888: [INFO][Sync] Stopped: Device Info
2026-06-02 15:57:23.888: [INFO][Sync] Stopped: User Consents
2026-06-02 15:57:23.888: [INFO][Sync] Stopped: Send Tab To Self
2026-06-02 15:57:23.888: [INFO][Sync] Stopped: Web Apps
2026-06-02 15:57:23.888: [INFO][Sync] Stopped: History
2026-06-02 15:57:23.888: [INFO][Sync] Stopped: Saved Tab Group
2026-06-02 15:57:23.888: [INFO][Sync] Stopped: WebAuthn Credentials
2026-06-02 15:57:23.888: [INFO][Sync] Stopped: Collection
2026-06-02 15:57:23.888: [INFO][Sync] Stopped: Edge E Drop
2026-06-02 15:57:23.888: [INFO][Sync] Stopped: Edge Hub App Usage
2026-06-02 15:57:23.888: [INFO][Sync] Stopped: Edge Wallet
2026-06-02 15:57:23.888: [INFO][Sync] Stopped: Edge Workspace
2026-06-02 15:57:38.474: [INFO][Sync] Reset engine, reason: 0
2026-06-02 15:57:39.002: [INFO][Sync] Reset engine, reason: 8
2026-06-02 15:57:39.002: [INFO][Sync] Stopped: Bookmarks
2026-06-02 15:57:39.002: [INFO][Sync] Stopped: Preferences
2026-06-02 15:57:39.002: [INFO][Sync] Stopped: Passwords
2026-06-02 15:57:39.002: [INFO][Sync] Stopped: Autofill Profiles
2026-06-02 15:57:39.002: [INFO][Sync] Stopped: Autofill
2026-06-02 15:57:39.002: [INFO][Sync] Stopped: Extensions
2026-06-02 15:57:39.002: [INFO][Sync] Stopped: Sessions
2026-06-02 15:57:39.002: [INFO][Sync] Stopped: Extension settings
2026-06-02 15:57:39.002: [INFO][Sync] Stopped: History Delete Directives
2026-06-02 15:57:39.002: [INFO][Sync] Stopped: Device Info
2026-06-02 15:57:39.002: [INFO][Sync] Stopped: User Consents
2026-06-02 15:57:39.002: [INFO][Sync] Stopped: Send Tab To Self
2026-06-02 15:57:39.002: [INFO][Sync] Stopped: Web Apps
2026-06-02 15:57:39.002: [INFO][Sync] Stopped: History
2026-06-02 15:57:39.002: [INFO][Sync] Stopped: Saved Tab Group
2026-06-02 15:57:39.002: [INFO][Sync] Stopped: WebAuthn Credentials
2026-06-02 15:57:39.002: [INFO][Sync] Stopped: Collection
2026-06-02 15:57:39.002: [INFO][Sync] Stopped: Edge E Drop
2026-06-02 15:57:39.002: [INFO][Sync] Stopped: Edge Hub App Usage
2026-06-02 15:57:39.002: [INFO][Sync] Stopped: Edge Wallet
2026-06-02 15:57:39.002: [INFO][Sync] Stopped: Edge Workspace
2026-06-02 15:57:39.002: [INFO][Sync] SyncState after authenticated was: NotSignedIn
2026-06-02 15:57:39.152: [INFO][Sync] Reset engine, reason: 8
2026-06-02 15:57:39.152: [INFO][Sync] Stopped: Bookmarks
2026-06-02 15:57:39.152: [INFO][Sync] Stopped: Preferences
2026-06-02 15:57:39.152: [INFO][Sync] Stopped: Passwords
2026-06-02 15:57:39.152: [INFO][Sync] Stopped: Autofill Profiles
2026-06-02 15:57:39.152: [INFO][Sync] Stopped: Autofill
2026-06-02 15:57:39.152: [INFO][Sync] Stopped: Extensions
2026-06-02 15:57:39.152: [INFO][Sync] Stopped: Sessions
2026-06-02 15:57:39.152: [INFO][Sync] Stopped: Extension settings
2026-06-02 15:57:39.152: [INFO][Sync] Stopped: History Delete Directives
2026-06-02 15:57:39.152: [INFO][Sync] Stopped: Device Info
2026-06-02 15:57:39.152: [INFO][Sync] Stopped: User Consents
2026-06-02 15:57:39.152: [INFO][Sync] Stopped: Send Tab To Self
2026-06-02 15:57:39.152: [INFO][Sync] Stopped: Web Apps
2026-06-02 15:57:39.152: [INFO][Sync] Stopped: History
2026-06-02 15:57:39.152: [INFO][Sync] Stopped: Saved Tab Group
2026-06-02 15:57:39.152: [INFO][Sync] Stopped: WebAuthn Credentials
2026-06-02 15:57:39.152: [INFO][Sync] Stopped: Collection
2026-06-02 15:57:39.153: [INFO][Sync] Stopped: Edge E Drop
2026-06-02 15:57:39.153: [INFO][Sync] Stopped: Edge Hub App Usage
2026-06-02 15:57:39.153: [INFO][Sync] Stopped: Edge Wallet
2026-06-02 15:57:39.153: [INFO][Sync] Stopped: Edge Workspace
2026-06-02 15:57:53.725: [INFO][Sync] Reset engine, reason: 0
